------------------------------------------------------------
Timing Analyzer Summary
------------------------------------------------------------

Type  : Slow 1200mV 85C Model Setup 'clk'
Slack : -2.358
TNS   : -28.776

Type  : Slow 1200mV 85C Model Setup 'LPF:U6|outpt'
Slack : -0.433
TNS   : -3.025

Type  : Slow 1200mV 85C Model Setup 'LPF:U5|outpt'
Slack : -0.306
TNS   : -2.706

Type  : Slow 1200mV 85C Model Hold 'LPF:U5|outpt'
Slack : 0.405
TNS   : 0.000

Type  : Slow 1200mV 85C Model Hold 'LPF:U6|outpt'
Slack : 0.405
TNS   : 0.000

Type  : Slow 1200mV 85C Model Hold 'clk'
Slack : 0.654
TNS   : 0.000

Type  : Slow 1200mV 85C Model Minimum Pulse Width 'clk'
Slack : -3.000
TNS   : -26.130

Type  : Slow 1200mV 85C Model Minimum Pulse Width 'LPF:U5|outpt'
Slack : -1.285
TNS   : -14.135

Type  : Slow 1200mV 85C Model Minimum Pulse Width 'LPF:U6|outpt'
Slack : -1.285
TNS   : -14.135

Type  : Slow 1200mV 85C Model Minimum Pulse Width 'LPF:U5|Generator:U|clkout'
Slack : -1.285
TNS   : -1.285

Type  : Slow 1200mV 85C Model Minimum Pulse Width 'LPF:U6|Generator:U|clkout'
Slack : -1.285
TNS   : -1.285

Type  : Slow 1200mV 0C Model Setup 'clk'
Slack : -2.075
TNS   : -24.256

Type  : Slow 1200mV 0C Model Setup 'LPF:U6|outpt'
Slack : -0.284
TNS   : -1.791

Type  : Slow 1200mV 0C Model Setup 'LPF:U5|outpt'
Slack : -0.170
TNS   : -1.487

Type  : Slow 1200mV 0C Model Hold 'LPF:U5|outpt'
Slack : 0.356
TNS   : 0.000

Type  : Slow 1200mV 0C Model Hold 'LPF:U6|outpt'
Slack : 0.356
TNS   : 0.000

Type  : Slow 1200mV 0C Model Hold 'clk'
Slack : 0.598
TNS   : 0.000

Type  : Slow 1200mV 0C Model Minimum Pulse Width 'clk'
Slack : -3.000
TNS   : -26.130

Type  : Slow 1200mV 0C Model Minimum Pulse Width 'LPF:U5|outpt'
Slack : -1.285
TNS   : -14.135

Type  : Slow 1200mV 0C Model Minimum Pulse Width 'LPF:U6|outpt'
Slack : -1.285
TNS   : -14.135

Type  : Slow 1200mV 0C Model Minimum Pulse Width 'LPF:U5|Generator:U|clkout'
Slack : -1.285
TNS   : -1.285

Type  : Slow 1200mV 0C Model Minimum Pulse Width 'LPF:U6|Generator:U|clkout'
Slack : -1.285
TNS   : -1.285

Type  : Fast 1200mV 0C Model Setup 'clk'
Slack : -0.627
TNS   : -5.233

Type  : Fast 1200mV 0C Model Setup 'LPF:U6|outpt'
Slack : 0.276
TNS   : 0.000

Type  : Fast 1200mV 0C Model Setup 'LPF:U5|outpt'
Slack : 0.351
TNS   : 0.000

Type  : Fast 1200mV 0C Model Hold 'LPF:U5|outpt'
Slack : 0.180
TNS   : 0.000

Type  : Fast 1200mV 0C Model Hold 'LPF:U6|outpt'
Slack : 0.180
TNS   : 0.000

Type  : Fast 1200mV 0C Model Hold 'clk'
Slack : 0.298
TNS   : 0.000

Type  : Fast 1200mV 0C Model Minimum Pulse Width 'clk'
Slack : -3.000
TNS   : -22.098

Type  : Fast 1200mV 0C Model Minimum Pulse Width 'LPF:U5|outpt'
Slack : -1.000
TNS   : -11.000

Type  : Fast 1200mV 0C Model Minimum Pulse Width 'LPF:U6|outpt'
Slack : -1.000
TNS   : -11.000

Type  : Fast 1200mV 0C Model Minimum Pulse Width 'LPF:U5|Generator:U|clkout'
Slack : -1.000
TNS   : -1.000

Type  : Fast 1200mV 0C Model Minimum Pulse Width 'LPF:U6|Generator:U|clkout'
Slack : -1.000
TNS   : -1.000

------------------------------------------------------------
